[2023-12-08T15:26:40.602+0000][gc] Using G1
[2023-12-08T15:26:40.617+0000][gc,init] Version: 17.0.9+8-LTS (release)
[2023-12-08T15:26:40.617+0000][gc,init] CPUs: 2 total, 2 available
[2023-12-08T15:26:40.617+0000][gc,init] Memory: 7929M
[2023-12-08T15:26:40.617+0000][gc,init] Large Page Support: Disabled
[2023-12-08T15:26:40.617+0000][gc,init] NUMA Support: Disabled
[2023-12-08T15:26:40.617+0000][gc,init] Compressed Oops: Enabled (32-bit)
[2023-12-08T15:26:40.617+0000][gc,init] Heap Region Size: 1M
[2023-12-08T15:26:40.617+0000][gc,init] Heap Min Capacity: 1G
[2023-12-08T15:26:40.617+0000][gc,init] Heap Initial Capacity: 1G
[2023-12-08T15:26:40.617+0000][gc,init] Heap Max Capacity: 1G
[2023-12-08T15:26:40.617+0000][gc,init] Pre-touch: Disabled
[2023-12-08T15:26:40.617+0000][gc,init] Parallel Workers: 2
[2023-12-08T15:26:40.617+0000][gc,init] Concurrent Workers: 1
[2023-12-08T15:26:40.617+0000][gc,init] Concurrent Refinement Workers: 2
[2023-12-08T15:26:40.617+0000][gc,init] Periodic GC: Disabled
[2023-12-08T15:26:40.624+0000][gc,metaspace] CDS archive(s) mapped at: [0x00007f19df000000-0x00007f19dfbc6000-0x00007f19dfbc6000), size 12345344, SharedBaseAddress: 0x00007f19df000000, ArchiveRelocationMode: 1.
[2023-12-08T15:26:40.624+0000][gc,metaspace] Compressed class space mapped at: 0x00007f19e0000000-0x00007f1a20000000, reserved size: 1073741824
[2023-12-08T15:26:40.624+0000][gc,metaspace] Narrow klass base: 0x00007f19df000000, Narrow klass shift: 0, Narrow klass range: 0x100000000
[2023-12-08T15:26:41.923+0000][gc,start    ] GC(0) Pause Young (Normal) (G1 Evacuation Pause)
[2023-12-08T15:26:41.923+0000][gc,task     ] GC(0) Using 2 workers of 2 for evacuation
[2023-12-08T15:26:41.934+0000][gc,phases   ] GC(0)   Pre Evacuate Collection Set: 0.1ms
[2023-12-08T15:26:41.934+0000][gc,phases   ] GC(0)   Merge Heap Roots: 0.1ms
[2023-12-08T15:26:41.934+0000][gc,phases   ] GC(0)   Evacuate Collection Set: 10.3ms
[2023-12-08T15:26:41.934+0000][gc,phases   ] GC(0)   Post Evacuate Collection Set: 0.6ms
[2023-12-08T15:26:41.934+0000][gc,phases   ] GC(0)   Other: 0.4ms
[2023-12-08T15:26:41.935+0000][gc,heap     ] GC(0) Eden regions: 51->0(44)
[2023-12-08T15:26:41.935+0000][gc,heap     ] GC(0) Survivor regions: 0->7(7)
[2023-12-08T15:26:41.935+0000][gc,heap     ] GC(0) Old regions: 0->0
[2023-12-08T15:26:41.935+0000][gc,heap     ] GC(0) Archive regions: 2->2
[2023-12-08T15:26:41.935+0000][gc,heap     ] GC(0) Humongous regions: 0->0
[2023-12-08T15:26:41.935+0000][gc,metaspace] GC(0) Metaspace: 19238K(19392K)->19238K(19392K) NonClass: 16691K(16768K)->16691K(16768K) Class: 2546K(2624K)->2546K(2624K)
[2023-12-08T15:26:41.935+0000][gc          ] GC(0) Pause Young (Normal) (G1 Evacuation Pause) 51M->7M(1024M) 11.633ms
[2023-12-08T15:26:41.935+0000][gc,cpu      ] GC(0) User=0.02s Sys=0.00s Real=0.01s
[2023-12-08T15:26:42.914+0000][gc,heap,exit] Heap
[2023-12-08T15:26:42.914+0000][gc,heap,exit]  garbage-first heap   total 1048576K, used 9767K [0x00000000c0000000, 0x0000000100000000)
[2023-12-08T15:26:42.914+0000][gc,heap,exit]   region size 1024K, 9 young (9216K), 7 survivors (7168K)
[2023-12-08T15:26:42.914+0000][gc,heap,exit]  Metaspace       used 19445K, committed 19648K, reserved 1114112K
[2023-12-08T15:26:42.914+0000][gc,heap,exit]   class space    used 2578K, committed 2688K, reserved 1048576K
