[2023-12-08T15:37:45.739+0000][gc] Using G1
[2023-12-08T15:37:45.754+0000][gc,init] Version: 17.0.9+8-LTS (release)
[2023-12-08T15:37:45.754+0000][gc,init] CPUs: 2 total, 2 available
[2023-12-08T15:37:45.754+0000][gc,init] Memory: 7929M
[2023-12-08T15:37:45.754+0000][gc,init] Large Page Support: Disabled
[2023-12-08T15:37:45.754+0000][gc,init] NUMA Support: Disabled
[2023-12-08T15:37:45.754+0000][gc,init] Compressed Oops: Enabled (32-bit)
[2023-12-08T15:37:45.754+0000][gc,init] Heap Region Size: 1M
[2023-12-08T15:37:45.754+0000][gc,init] Heap Min Capacity: 1G
[2023-12-08T15:37:45.754+0000][gc,init] Heap Initial Capacity: 1G
[2023-12-08T15:37:45.754+0000][gc,init] Heap Max Capacity: 1G
[2023-12-08T15:37:45.754+0000][gc,init] Pre-touch: Disabled
[2023-12-08T15:37:45.754+0000][gc,init] Parallel Workers: 2
[2023-12-08T15:37:45.754+0000][gc,init] Concurrent Workers: 1
[2023-12-08T15:37:45.754+0000][gc,init] Concurrent Refinement Workers: 2
[2023-12-08T15:37:45.754+0000][gc,init] Periodic GC: Disabled
[2023-12-08T15:37:45.760+0000][gc,metaspace] CDS archive(s) mapped at: [0x00007fab3f000000-0x00007fab3fbc6000-0x00007fab3fbc6000), size 12345344, SharedBaseAddress: 0x00007fab3f000000, ArchiveRelocationMode: 1.
[2023-12-08T15:37:45.761+0000][gc,metaspace] Compressed class space mapped at: 0x00007fab40000000-0x00007fab80000000, reserved size: 1073741824
[2023-12-08T15:37:45.761+0000][gc,metaspace] Narrow klass base: 0x00007fab3f000000, Narrow klass shift: 0, Narrow klass range: 0x100000000
[2023-12-08T15:37:47.571+0000][gc,start    ] GC(0) Pause Young (Normal) (G1 Evacuation Pause)
[2023-12-08T15:37:47.572+0000][gc,task     ] GC(0) Using 2 workers of 2 for evacuation
[2023-12-08T15:37:47.590+0000][gc,phases   ] GC(0)   Pre Evacuate Collection Set: 0.4ms
[2023-12-08T15:37:47.590+0000][gc,phases   ] GC(0)   Merge Heap Roots: 0.1ms
[2023-12-08T15:37:47.590+0000][gc,phases   ] GC(0)   Evacuate Collection Set: 16.8ms
[2023-12-08T15:37:47.590+0000][gc,phases   ] GC(0)   Post Evacuate Collection Set: 0.7ms
[2023-12-08T15:37:47.590+0000][gc,phases   ] GC(0)   Other: 1.0ms
[2023-12-08T15:37:47.590+0000][gc,heap     ] GC(0) Eden regions: 51->0(44)
[2023-12-08T15:37:47.590+0000][gc,heap     ] GC(0) Survivor regions: 0->7(7)
[2023-12-08T15:37:47.590+0000][gc,heap     ] GC(0) Old regions: 0->0
[2023-12-08T15:37:47.590+0000][gc,heap     ] GC(0) Archive regions: 2->2
[2023-12-08T15:37:47.590+0000][gc,heap     ] GC(0) Humongous regions: 0->0
[2023-12-08T15:37:47.590+0000][gc,metaspace] GC(0) Metaspace: 19312K(19456K)->19312K(19456K) NonClass: 16752K(16832K)->16752K(16832K) Class: 2559K(2624K)->2559K(2624K)
[2023-12-08T15:37:47.590+0000][gc          ] GC(0) Pause Young (Normal) (G1 Evacuation Pause) 51M->7M(1024M) 19.120ms
[2023-12-08T15:37:47.591+0000][gc,cpu      ] GC(0) User=0.01s Sys=0.00s Real=0.02s
[2023-12-08T15:37:47.805+0000][gc,start    ] GC(1) Pause Young (Concurrent Start) (Metadata GC Threshold)
[2023-12-08T15:37:47.805+0000][gc,task     ] GC(1) Using 2 workers of 2 for evacuation
[2023-12-08T15:37:47.838+0000][gc,mmu      ] GC(1) MMU target violated: 21.0ms (20.0ms/21.0ms)
[2023-12-08T15:37:47.838+0000][gc,phases   ] GC(1)   Pre Evacuate Collection Set: 0.3ms
[2023-12-08T15:37:47.838+0000][gc,phases   ] GC(1)   Merge Heap Roots: 0.0ms
[2023-12-08T15:37:47.838+0000][gc,phases   ] GC(1)   Evacuate Collection Set: 31.4ms
[2023-12-08T15:37:47.838+0000][gc,phases   ] GC(1)   Post Evacuate Collection Set: 1.1ms
[2023-12-08T15:37:47.838+0000][gc,phases   ] GC(1)   Other: 0.2ms
[2023-12-08T15:37:47.838+0000][gc,heap     ] GC(1) Eden regions: 8->0(49)
[2023-12-08T15:37:47.838+0000][gc,heap     ] GC(1) Survivor regions: 7->2(7)
[2023-12-08T15:37:47.838+0000][gc,heap     ] GC(1) Old regions: 0->7
[2023-12-08T15:37:47.838+0000][gc,heap     ] GC(1) Archive regions: 2->2
[2023-12-08T15:37:47.838+0000][gc,heap     ] GC(1) Humongous regions: 129->129
[2023-12-08T15:37:47.838+0000][gc,metaspace] GC(1) Metaspace: 21401K(21504K)->21401K(21504K) NonClass: 18572K(18624K)->18572K(18624K) Class: 2829K(2880K)->2829K(2880K)
[2023-12-08T15:37:47.838+0000][gc          ] GC(1) Pause Young (Concurrent Start) (Metadata GC Threshold) 144M->138M(1024M) 33.122ms
[2023-12-08T15:37:47.838+0000][gc,cpu      ] GC(1) User=0.01s Sys=0.01s Real=0.03s
[2023-12-08T15:37:47.838+0000][gc          ] GC(2) Concurrent Mark Cycle
[2023-12-08T15:37:47.838+0000][gc,marking  ] GC(2) Concurrent Clear Claimed Marks
[2023-12-08T15:37:47.838+0000][gc,marking  ] GC(2) Concurrent Clear Claimed Marks 0.019ms
[2023-12-08T15:37:47.838+0000][gc,marking  ] GC(2) Concurrent Scan Root Regions
[2023-12-08T15:37:47.845+0000][gc,marking  ] GC(2) Concurrent Scan Root Regions 6.881ms
[2023-12-08T15:37:47.845+0000][gc,marking  ] GC(2) Concurrent Mark
[2023-12-08T15:37:47.845+0000][gc,marking  ] GC(2) Concurrent Mark From Roots
[2023-12-08T15:37:47.845+0000][gc,task     ] GC(2) Using 1 workers of 1 for marking
[2023-12-08T15:37:47.851+0000][gc,marking  ] GC(2) Concurrent Mark From Roots 6.101ms
[2023-12-08T15:37:47.851+0000][gc,marking  ] GC(2) Concurrent Preclean
[2023-12-08T15:37:47.851+0000][gc,marking  ] GC(2) Concurrent Preclean 0.046ms
[2023-12-08T15:37:47.852+0000][gc,start    ] GC(2) Pause Remark
[2023-12-08T15:37:47.856+0000][gc          ] GC(2) Pause Remark 139M->139M(1024M) 4.337ms
[2023-12-08T15:37:47.856+0000][gc,cpu      ] GC(2) User=0.00s Sys=0.00s Real=0.01s
[2023-12-08T15:37:47.857+0000][gc,marking  ] GC(2) Concurrent Mark 11.635ms
[2023-12-08T15:37:47.857+0000][gc,marking  ] GC(2) Concurrent Rebuild Remembered Sets
[2023-12-08T15:37:47.860+0000][gc,marking  ] GC(2) Concurrent Rebuild Remembered Sets 3.534ms
[2023-12-08T15:37:47.861+0000][gc,start    ] GC(2) Pause Cleanup
[2023-12-08T15:37:47.861+0000][gc          ] GC(2) Pause Cleanup 139M->139M(1024M) 0.284ms
[2023-12-08T15:37:47.861+0000][gc,cpu      ] GC(2) User=0.00s Sys=0.00s Real=0.00s
[2023-12-08T15:37:47.861+0000][gc,marking  ] GC(2) Concurrent Cleanup for Next Mark
[2023-12-08T15:37:47.867+0000][gc,marking  ] GC(2) Concurrent Cleanup for Next Mark 5.973ms
[2023-12-08T15:37:47.868+0000][gc          ] GC(2) Concurrent Mark Cycle 29.481ms
[2023-12-08T15:54:48.551+0000][gc,start    ] GC(3) Pause Young (Normal) (G1 Evacuation Pause)
[2023-12-08T15:54:48.551+0000][gc,task     ] GC(3) Using 2 workers of 2 for evacuation
[2023-12-08T15:54:48.561+0000][gc,phases   ] GC(3)   Pre Evacuate Collection Set: 0.1ms
[2023-12-08T15:54:48.561+0000][gc,phases   ] GC(3)   Merge Heap Roots: 0.1ms
[2023-12-08T15:54:48.561+0000][gc,phases   ] GC(3)   Evacuate Collection Set: 8.7ms
[2023-12-08T15:54:48.561+0000][gc,phases   ] GC(3)   Post Evacuate Collection Set: 0.4ms
[2023-12-08T15:54:48.561+0000][gc,phases   ] GC(3)   Other: 1.2ms
[2023-12-08T15:54:48.561+0000][gc,heap     ] GC(3) Eden regions: 49->0(46)
[2023-12-08T15:54:48.561+0000][gc,heap     ] GC(3) Survivor regions: 2->5(7)
[2023-12-08T15:54:48.561+0000][gc,heap     ] GC(3) Old regions: 7->7
[2023-12-08T15:54:48.561+0000][gc,heap     ] GC(3) Archive regions: 2->2
[2023-12-08T15:54:48.561+0000][gc,heap     ] GC(3) Humongous regions: 129->129
[2023-12-08T15:54:48.561+0000][gc,metaspace] GC(3) Metaspace: 32101K(32320K)->32101K(32320K) NonClass: 28298K(28416K)->28298K(28416K) Class: 3802K(3904K)->3802K(3904K)
[2023-12-08T15:54:48.561+0000][gc          ] GC(3) Pause Young (Normal) (G1 Evacuation Pause) 187M->141M(1024M) 10.655ms
[2023-12-08T15:54:48.561+0000][gc,cpu      ] GC(3) User=0.01s Sys=0.00s Real=0.01s
[2023-12-08T16:00:25.777+0000][gc,start    ] GC(4) Pause Young (Concurrent Start) (Metadata GC Threshold)
[2023-12-08T16:00:25.777+0000][gc,task     ] GC(4) Using 2 workers of 2 for evacuation
[2023-12-08T16:00:25.796+0000][gc,phases   ] GC(4)   Pre Evacuate Collection Set: 0.1ms
[2023-12-08T16:00:25.804+0000][gc,phases   ] GC(4)   Merge Heap Roots: 0.1ms
[2023-12-08T16:00:25.804+0000][gc,phases   ] GC(4)   Evacuate Collection Set: 17.5ms
[2023-12-08T16:00:25.804+0000][gc,phases   ] GC(4)   Post Evacuate Collection Set: 0.5ms
[2023-12-08T16:00:25.804+0000][gc,phases   ] GC(4)   Other: 1.7ms
[2023-12-08T16:00:25.804+0000][gc,heap     ] GC(4) Eden regions: 23->0(49)
[2023-12-08T16:00:25.804+0000][gc,heap     ] GC(4) Survivor regions: 5->2(7)
[2023-12-08T16:00:25.804+0000][gc,heap     ] GC(4) Old regions: 7->12
[2023-12-08T16:00:25.804+0000][gc,heap     ] GC(4) Archive regions: 2->2
[2023-12-08T16:00:25.804+0000][gc,heap     ] GC(4) Humongous regions: 129->129
[2023-12-08T16:00:25.804+0000][gc,metaspace] GC(4) Metaspace: 35731K(36160K)->35731K(36160K) NonClass: 31391K(31616K)->31391K(31616K) Class: 4339K(4544K)->4339K(4544K)
[2023-12-08T16:00:25.804+0000][gc          ] GC(4) Pause Young (Concurrent Start) (Metadata GC Threshold) 163M->143M(1024M) 27.831ms
[2023-12-08T16:00:25.805+0000][gc,cpu      ] GC(4) User=0.01s Sys=0.01s Real=0.03s
[2023-12-08T16:00:25.805+0000][gc          ] GC(5) Concurrent Mark Cycle
[2023-12-08T16:00:25.810+0000][gc,marking  ] GC(5) Concurrent Clear Claimed Marks
[2023-12-08T16:00:25.810+0000][gc,marking  ] GC(5) Concurrent Clear Claimed Marks 0.065ms
[2023-12-08T16:00:25.810+0000][gc,marking  ] GC(5) Concurrent Scan Root Regions
[2023-12-08T16:00:25.820+0000][gc,marking  ] GC(5) Concurrent Scan Root Regions 10.198ms
[2023-12-08T16:00:25.820+0000][gc,marking  ] GC(5) Concurrent Mark
[2023-12-08T16:00:25.820+0000][gc,marking  ] GC(5) Concurrent Mark From Roots
[2023-12-08T16:00:25.821+0000][gc,task     ] GC(5) Using 1 workers of 1 for marking
[2023-12-08T16:00:25.865+0000][gc,marking  ] GC(5) Concurrent Mark From Roots 44.879ms
[2023-12-08T16:00:25.865+0000][gc,marking  ] GC(5) Concurrent Preclean
[2023-12-08T16:00:25.866+0000][gc,marking  ] GC(5) Concurrent Preclean 0.195ms
[2023-12-08T16:00:25.866+0000][gc,start    ] GC(5) Pause Remark
[2023-12-08T16:00:25.880+0000][gc          ] GC(5) Pause Remark 143M->143M(1024M) 13.432ms
[2023-12-08T16:00:25.880+0000][gc,cpu      ] GC(5) User=0.02s Sys=0.00s Real=0.01s
[2023-12-08T16:00:25.881+0000][gc,marking  ] GC(5) Concurrent Mark 60.339ms
[2023-12-08T16:00:25.881+0000][gc,marking  ] GC(5) Concurrent Rebuild Remembered Sets
[2023-12-08T16:00:25.888+0000][gc,marking  ] GC(5) Concurrent Rebuild Remembered Sets 6.541ms
[2023-12-08T16:00:25.888+0000][gc,start    ] GC(5) Pause Cleanup
[2023-12-08T16:00:25.888+0000][gc          ] GC(5) Pause Cleanup 144M->144M(1024M) 0.334ms
[2023-12-08T16:00:25.888+0000][gc,cpu      ] GC(5) User=0.00s Sys=0.00s Real=0.00s
[2023-12-08T16:00:25.888+0000][gc,marking  ] GC(5) Concurrent Cleanup for Next Mark
[2023-12-08T16:00:25.902+0000][gc,marking  ] GC(5) Concurrent Cleanup for Next Mark 13.602ms
[2023-12-08T16:00:25.902+0000][gc          ] GC(5) Concurrent Mark Cycle 97.435ms
[2023-12-08T16:38:19.012+0000][gc,start    ] GC(6) Pause Young (Normal) (G1 Evacuation Pause)
[2023-12-08T16:38:19.012+0000][gc,task     ] GC(6) Using 2 workers of 2 for evacuation
[2023-12-08T16:38:19.019+0000][gc,phases   ] GC(6)   Pre Evacuate Collection Set: 0.1ms
[2023-12-08T16:38:19.020+0000][gc,phases   ] GC(6)   Merge Heap Roots: 0.1ms
[2023-12-08T16:38:19.020+0000][gc,phases   ] GC(6)   Evacuate Collection Set: 5.9ms
[2023-12-08T16:38:19.020+0000][gc,phases   ] GC(6)   Post Evacuate Collection Set: 0.4ms
[2023-12-08T16:38:19.021+0000][gc,phases   ] GC(6)   Other: 1.2ms
[2023-12-08T16:38:19.021+0000][gc,heap     ] GC(6) Eden regions: 49->0(49)
[2023-12-08T16:38:19.021+0000][gc,heap     ] GC(6) Survivor regions: 2->2(7)
[2023-12-08T16:38:19.021+0000][gc,heap     ] GC(6) Old regions: 12->12
[2023-12-08T16:38:19.021+0000][gc,heap     ] GC(6) Archive regions: 2->2
[2023-12-08T16:38:19.021+0000][gc,heap     ] GC(6) Humongous regions: 129->129
[2023-12-08T16:38:19.021+0000][gc,metaspace] GC(6) Metaspace: 36397K(36800K)->36397K(36800K) NonClass: 32045K(32256K)->32045K(32256K) Class: 4352K(4544K)->4352K(4544K)
[2023-12-08T16:38:19.021+0000][gc          ] GC(6) Pause Young (Normal) (G1 Evacuation Pause) 192M->143M(1024M) 9.375ms
[2023-12-08T16:38:19.021+0000][gc,cpu      ] GC(6) User=0.01s Sys=0.00s Real=0.01s
