[2023-12-08T15:27:25.631+0000][gc] Using G1
[2023-12-08T15:27:25.647+0000][gc,init] Version: 17.0.9+8-LTS (release)
[2023-12-08T15:27:25.647+0000][gc,init] CPUs: 2 total, 2 available
[2023-12-08T15:27:25.647+0000][gc,init] Memory: 7929M
[2023-12-08T15:27:25.647+0000][gc,init] Large Page Support: Disabled
[2023-12-08T15:27:25.647+0000][gc,init] NUMA Support: Disabled
[2023-12-08T15:27:25.647+0000][gc,init] Compressed Oops: Enabled (32-bit)
[2023-12-08T15:27:25.647+0000][gc,init] Heap Region Size: 1M
[2023-12-08T15:27:25.648+0000][gc,init] Heap Min Capacity: 1G
[2023-12-08T15:27:25.648+0000][gc,init] Heap Initial Capacity: 1G
[2023-12-08T15:27:25.648+0000][gc,init] Heap Max Capacity: 1G
[2023-12-08T15:27:25.648+0000][gc,init] Pre-touch: Disabled
[2023-12-08T15:27:25.648+0000][gc,init] Parallel Workers: 2
[2023-12-08T15:27:25.648+0000][gc,init] Concurrent Workers: 1
[2023-12-08T15:27:25.648+0000][gc,init] Concurrent Refinement Workers: 2
[2023-12-08T15:27:25.648+0000][gc,init] Periodic GC: Disabled
[2023-12-08T15:27:25.658+0000][gc,metaspace] CDS archive(s) mapped at: [0x00007f1aa3000000-0x00007f1aa3bc6000-0x00007f1aa3bc6000), size 12345344, SharedBaseAddress: 0x00007f1aa3000000, ArchiveRelocationMode: 1.
[2023-12-08T15:27:25.658+0000][gc,metaspace] Compressed class space mapped at: 0x00007f1aa4000000-0x00007f1ae4000000, reserved size: 1073741824
[2023-12-08T15:27:25.658+0000][gc,metaspace] Narrow klass base: 0x00007f1aa3000000, Narrow klass shift: 0, Narrow klass range: 0x100000000
[2023-12-08T15:27:27.662+0000][gc,start    ] GC(0) Pause Young (Normal) (G1 Evacuation Pause)
[2023-12-08T15:27:27.662+0000][gc,task     ] GC(0) Using 2 workers of 2 for evacuation
[2023-12-08T15:27:27.671+0000][gc,phases   ] GC(0)   Pre Evacuate Collection Set: 0.2ms
[2023-12-08T15:27:27.671+0000][gc,phases   ] GC(0)   Merge Heap Roots: 0.1ms
[2023-12-08T15:27:27.671+0000][gc,phases   ] GC(0)   Evacuate Collection Set: 8.4ms
[2023-12-08T15:27:27.672+0000][gc,phases   ] GC(0)   Post Evacuate Collection Set: 0.4ms
[2023-12-08T15:27:27.672+0000][gc,phases   ] GC(0)   Other: 0.3ms
[2023-12-08T15:27:27.672+0000][gc,heap     ] GC(0) Eden regions: 51->0(44)
[2023-12-08T15:27:27.672+0000][gc,heap     ] GC(0) Survivor regions: 0->7(7)
[2023-12-08T15:27:27.672+0000][gc,heap     ] GC(0) Old regions: 0->0
[2023-12-08T15:27:27.672+0000][gc,heap     ] GC(0) Archive regions: 2->2
[2023-12-08T15:27:27.672+0000][gc,heap     ] GC(0) Humongous regions: 0->0
[2023-12-08T15:27:27.672+0000][gc,metaspace] GC(0) Metaspace: 19264K(19392K)->19264K(19392K) NonClass: 16712K(16768K)->16712K(16768K) Class: 2551K(2624K)->2551K(2624K)
[2023-12-08T15:27:27.672+0000][gc          ] GC(0) Pause Young (Normal) (G1 Evacuation Pause) 51M->7M(1024M) 10.348ms
[2023-12-08T15:27:27.672+0000][gc,cpu      ] GC(0) User=0.02s Sys=0.00s Real=0.00s
[2023-12-08T15:27:28.658+0000][gc,heap,exit] Heap
[2023-12-08T15:27:28.658+0000][gc,heap,exit]  garbage-first heap   total 1048576K, used 9816K [0x00000000c0000000, 0x0000000100000000)
[2023-12-08T15:27:28.658+0000][gc,heap,exit]   region size 1024K, 9 young (9216K), 7 survivors (7168K)
[2023-12-08T15:27:28.658+0000][gc,heap,exit]  Metaspace       used 19417K, committed 19648K, reserved 1114112K
[2023-12-08T15:27:28.658+0000][gc,heap,exit]   class space    used 2578K, committed 2688K, reserved 1048576K
