[2023-12-08T13:29:21.428+0000][gc] Using G1
[2023-12-08T13:29:21.439+0000][gc,init] Version: 17.0.9+8-LTS (release)
[2023-12-08T13:29:21.439+0000][gc,init] CPUs: 2 total, 2 available
[2023-12-08T13:29:21.439+0000][gc,init] Memory: 7929M
[2023-12-08T13:29:21.439+0000][gc,init] Large Page Support: Disabled
[2023-12-08T13:29:21.439+0000][gc,init] NUMA Support: Disabled
[2023-12-08T13:29:21.439+0000][gc,init] Compressed Oops: Enabled (32-bit)
[2023-12-08T13:29:21.439+0000][gc,init] Heap Region Size: 1M
[2023-12-08T13:29:21.439+0000][gc,init] Heap Min Capacity: 512M
[2023-12-08T13:29:21.439+0000][gc,init] Heap Initial Capacity: 512M
[2023-12-08T13:29:21.439+0000][gc,init] Heap Max Capacity: 512M
[2023-12-08T13:29:21.439+0000][gc,init] Pre-touch: Disabled
[2023-12-08T13:29:21.439+0000][gc,init] Parallel Workers: 2
[2023-12-08T13:29:21.439+0000][gc,init] Concurrent Workers: 1
[2023-12-08T13:29:21.439+0000][gc,init] Concurrent Refinement Workers: 2
[2023-12-08T13:29:21.439+0000][gc,init] Periodic GC: Disabled
[2023-12-08T13:29:21.448+0000][gc,metaspace] CDS archive(s) mapped at: [0x00007f72a3000000-0x00007f72a3bc6000-0x00007f72a3bc6000), size 12345344, SharedBaseAddress: 0x00007f72a3000000, ArchiveRelocationMode: 1.
[2023-12-08T13:29:21.448+0000][gc,metaspace] Compressed class space mapped at: 0x00007f72a4000000-0x00007f72e4000000, reserved size: 1073741824
[2023-12-08T13:29:21.448+0000][gc,metaspace] Narrow klass base: 0x00007f72a3000000, Narrow klass shift: 0, Narrow klass range: 0x100000000
[2023-12-08T15:26:41.616+0000][gc,start    ] GC(0) Pause Young (Normal) (G1 Evacuation Pause)
[2023-12-08T15:26:41.616+0000][gc,task     ] GC(0) Using 2 workers of 2 for evacuation
[2023-12-08T15:26:41.622+0000][gc,phases   ] GC(0)   Pre Evacuate Collection Set: 0.0ms
[2023-12-08T15:26:41.622+0000][gc,phases   ] GC(0)   Merge Heap Roots: 0.0ms
[2023-12-08T15:26:41.622+0000][gc,phases   ] GC(0)   Evacuate Collection Set: 5.0ms
[2023-12-08T15:26:41.622+0000][gc,phases   ] GC(0)   Post Evacuate Collection Set: 0.4ms
[2023-12-08T15:26:41.622+0000][gc,phases   ] GC(0)   Other: 0.4ms
[2023-12-08T15:26:41.622+0000][gc,heap     ] GC(0) Eden regions: 25->0(21)
[2023-12-08T15:26:41.622+0000][gc,heap     ] GC(0) Survivor regions: 0->4(4)
[2023-12-08T15:26:41.622+0000][gc,heap     ] GC(0) Old regions: 0->2
[2023-12-08T15:26:41.622+0000][gc,heap     ] GC(0) Archive regions: 2->2
[2023-12-08T15:26:41.622+0000][gc,heap     ] GC(0) Humongous regions: 0->0
[2023-12-08T15:26:41.622+0000][gc,metaspace] GC(0) Metaspace: 7992K(8192K)->7992K(8192K) NonClass: 7143K(7232K)->7143K(7232K) Class: 848K(960K)->848K(960K)
[2023-12-08T15:26:41.622+0000][gc          ] GC(0) Pause Young (Normal) (G1 Evacuation Pause) 25M->6M(512M) 6.149ms
[2023-12-08T15:26:41.622+0000][gc,cpu      ] GC(0) User=0.00s Sys=0.01s Real=0.01s
[2023-12-08T15:27:49.653+0000][gc,heap,exit] Heap
[2023-12-08T15:27:49.654+0000][gc,heap,exit]  garbage-first heap   total 524288K, used 8845K [0x00000000e0000000, 0x0000000100000000)
[2023-12-08T15:27:49.654+0000][gc,heap,exit]   region size 1024K, 7 young (7168K), 4 survivors (4096K)
[2023-12-08T15:27:49.654+0000][gc,heap,exit]  Metaspace       used 8010K, committed 8192K, reserved 1114112K
[2023-12-08T15:27:49.654+0000][gc,heap,exit]   class space    used 849K, committed 960K, reserved 1048576K
